// Jest Snapshot v1, https://goo.gl/fbAQLP

exports[`renders without crashing 1`] = `
<div>
  <div
    class="container-fluid App"
  >
    <div>
      <nav
        class="navbar navbar-expand-lg navbar-dark bg-dark"
      >
        <div
          class="collapse navbar-collapse"
          id="navbarColor02"
        >
          <ul
            class="navbar-nav mr-auto"
          >
            <li
              class="nav-item active"
            >
              <a
                class="nav-link"
                href="/"
              >
                Home 
                <span
                  class="sr-only"
                >
                  (current)
                </span>
              </a>
            </li>
          </ul>
          <ul
            class="nav navbar-nav navbar-right"
          >
            <li>
              <a
                class="nav-link"
                href="#"
              >
                Logowanie
              </a>
            </li>
          </ul>
        </div>
      </nav>
      <div
        class="jumbotron"
      >
        <h1
          class="display-4"
        >
          Witamy w serwisie NartyGo
        </h1>
        <p
          class="lead"
        >
          NartyGo to najlepszy serwis narciarski z najaktualniejszymi informacjami o ośrodkach narciarskich i warunkach na trasach!
        </p>
      </div>
      <div
        class="row"
      >
        <div
          class="col-md-3"
        >
          <p>
            Temperatura: 
          </p>
          <p>
            Zachmurzenie: 
          </p>
        </div>
        <div
          class="col-md-2"
        >
          <p>
            Sprawdź aktualną pogodę 
          </p>
          <p>
            <button
              class="btn btn-warning"
              type="button"
            >
              Sprawdź
            </button>
          </p>
        </div>
        <div
          class="col-md-7"
        >
          <p>
            Wyszukaj ośrodek
          </p>
          <input
            type="text"
          >
            
          </input>
          <p>
            <button
              class="btn btn-warning"
              type="button"
            >
              Szukaj
            </button>
          </p>
        </div>
      </div>
    </div>
    <div>
      There is no data
    </div>
    <div>
      <hr>
        
      </hr>
      <footer
        style="font-size:large;color:blue"
      >
        <p>
          © D-Softkol 2018 
        </p>
      </footer>
    </div>
  </div>
</div>
`;
