// Jest Snapshot v1, https://goo.gl/fbAQLP

exports[`renders without crashing 1`] = `
<BrowserRouter>
  <div>
    <Switch>
      <Route
        component={[Function]}
        exact={true}
        path="/"
      />
      <Route
        component={[Function]}
        path="/resorts"
      />
      <Route
        render={[Function]}
      />
    </Switch>
  </div>
</BrowserRouter>
`;
